{
    "test profile": {
        "content": [
            {
                "0": [
                    
                ],
                "1": [
                    
                ],
                "gene_heatmap": [
                    
                ],
                "versions": [
                    
                ]
            }
        ],
        "meta": {
            "nf-test": "0.9.0",
            "nextflow": "24.10.1"
        },
        "timestamp": "2024-11-19T20:27:50.118882334"
    }
}