{
    "test profile": {
        "content": [
            {
                "0": [
                    [
                        "signature_scores_mqc.txt:md5,315dc730c79b02067b542074eaeb07b9",
                        "signature_scores_qc_mqc.txt:md5,88ec48e1d7488357663557b378615923"
                    ]
                ],
                "1": [
                    "versions.yml:md5,61fc461ef40beb8b95aa31c8ee4d6760"
                ],
                "scores_for_mqc": [
                    [
                        "signature_scores_mqc.txt:md5,315dc730c79b02067b542074eaeb07b9",
                        "signature_scores_qc_mqc.txt:md5,88ec48e1d7488357663557b378615923"
                    ]
                ],
                "versions": [
                    "versions.yml:md5,61fc461ef40beb8b95aa31c8ee4d6760"
                ]
            }
        ],
        "meta": {
            "nf-test": "0.9.0",
            "nextflow": "24.10.1"
        },
        "timestamp": "2024-11-19T18:06:40.93622974"
    }
}